127.0.0.1 - - [15/May/2020:09:46:32 +0900] "GET / HTTP/1.1" 404 750
0:0:0:0:0:0:0:1 - - [15/May/2020:09:46:48 +0900] "GET /resort/index.jsp HTTP/1.1" 200 3320
0:0:0:0:0:0:0:1 - - [15/May/2020:09:46:49 +0900] "GET /resort/css/style.css HTTP/1.1" 200 8193
0:0:0:0:0:0:0:1 - - [15/May/2020:09:46:49 +0900] "GET /favicon.ico HTTP/1.1" 404 761
0:0:0:0:0:0:0:1 - - [15/May/2020:09:46:52 +0900] "GET /resort/categrp/list.do HTTP/1.1" 200 10954
0:0:0:0:0:0:0:1 - - [15/May/2020:09:46:56 +0900] "GET /resort/cate/list_join_by_categrpno.do?categrpno=1 HTTP/1.1" 200 10049
0:0:0:0:0:0:0:1 - - [15/May/2020:09:46:59 +0900] "GET /resort/categrp/list.do HTTP/1.1" 200 10954
0:0:0:0:0:0:0:1 - - [15/May/2020:09:47:00 +0900] "GET /resort/cate/list_join_by_categrpno.do?categrpno=5 HTTP/1.1" 200 8081
0:0:0:0:0:0:0:1 - - [15/May/2020:09:47:08 +0900] "GET /resort/contents/list_all.do HTTP/1.1" 200 8391
0:0:0:0:0:0:0:1 - - [15/May/2020:09:47:22 +0900] "GET /resort/categrp/list.do HTTP/1.1" 200 10954
0:0:0:0:0:0:0:1 - - [15/May/2020:09:47:25 +0900] "GET /resort/cate/list_all.do HTTP/1.1" 200 25797
0:0:0:0:0:0:0:1 - - [15/May/2020:09:47:28 +0900] "GET /resort/categrp/list.do HTTP/1.1" 200 10954
0:0:0:0:0:0:0:1 - - [15/May/2020:09:47:29 +0900] "GET /resort/cate/list_join_by_categrpno.do?categrpno=5 HTTP/1.1" 200 8081
0:0:0:0:0:0:0:1 - - [15/May/2020:09:47:32 +0900] "GET /resort/cate/list_join_by_categrpno.do?categrpno=8 HTTP/1.1" 200 8142
0:0:0:0:0:0:0:1 - - [15/May/2020:09:47:34 +0900] "GET /resort/cate/list_join_by_categrpno.do?categrpno=6 HTTP/1.1" 200 9068
0:0:0:0:0:0:0:1 - - [15/May/2020:10:57:30 +0900] "GET /ojt/cate/list_index_left.do HTTP/1.1" 404 785
0:0:0:0:0:0:0:1 - - [15/May/2020:10:57:53 +0900] "GET /resort/cate/list_index_left.do HTTP/1.1" 200 4854
0:0:0:0:0:0:0:1 - - [15/May/2020:10:57:53 +0900] "GET /resort/category/images/categrp.png HTTP/1.1" 404 796
0:0:0:0:0:0:0:1 - - [15/May/2020:11:01:57 +0900] "GET /resort/cate/list_index_left.do HTTP/1.1" 200 4846
0:0:0:0:0:0:0:1 - - [15/May/2020:11:01:57 +0900] "GET /resort/category/images/categrp.png HTTP/1.1" 404 796
0:0:0:0:0:0:0:1 - - [15/May/2020:11:02:17 +0900] "GET /resort/cate/list_index_left.do HTTP/1.1" 200 4842
0:0:0:0:0:0:0:1 - - [15/May/2020:11:02:17 +0900] "GET /resort/cate/images/categrp.png HTTP/1.1" 404 792
0:0:0:0:0:0:0:1 - - [15/May/2020:11:02:20 +0900] "GET /resort/cate/list_index_left.do HTTP/1.1" 200 4842
0:0:0:0:0:0:0:1 - - [15/May/2020:11:02:20 +0900] "GET /resort/cate/images/categrp.png HTTP/1.1" 404 792
0:0:0:0:0:0:0:1 - - [15/May/2020:11:02:20 +0900] "GET /favicon.ico HTTP/1.1" 404 761
0:0:0:0:0:0:0:1 - - [15/May/2020:11:03:50 +0900] "GET /resort/cate/list_index_left.do HTTP/1.1" 200 4842
0:0:0:0:0:0:0:1 - - [15/May/2020:11:03:50 +0900] "GET /resort/cate/images/categrp.png HTTP/1.1" 200 657
0:0:0:0:0:0:0:1 - - [15/May/2020:11:04:50 +0900] "GET /resort/cate/list_index_left.do HTTP/1.1" 200 4833
0:0:0:0:0:0:0:1 - - [15/May/2020:11:04:50 +0900] "GET /resort/category/images/cate.png HTTP/1.1" 404 793
0:0:0:0:0:0:0:1 - - [15/May/2020:11:04:50 +0900] "GET /resort/cate/images/categrp.png HTTP/1.1" 304 -
0:0:0:0:0:0:0:1 - - [15/May/2020:11:05:36 +0900] "GET /resort/cate/list_index_left.do HTTP/1.1" 200 4829
0:0:0:0:0:0:0:1 - - [15/May/2020:11:05:36 +0900] "GET /resort/cate/images/categrp.png HTTP/1.1" 200 657
0:0:0:0:0:0:0:1 - - [15/May/2020:11:05:36 +0900] "GET /resort/cate/images/cate.png HTTP/1.1" 200 504
0:0:0:0:0:0:0:1 - - [15/May/2020:11:05:36 +0900] "GET /favicon.ico HTTP/1.1" 404 761
0:0:0:0:0:0:0:1 - - [15/May/2020:11:06:03 +0900] "GET /resort HTTP/1.1" 302 -
0:0:0:0:0:0:0:1 - - [15/May/2020:11:06:03 +0900] "GET /resort/ HTTP/1.1" 200 8153
0:0:0:0:0:0:0:1 - - [15/May/2020:11:06:03 +0900] "GET /resort/css/style.css HTTP/1.1" 200 8193
0:0:0:0:0:0:0:1 - - [15/May/2020:11:06:04 +0900] "GET /resort/css/images/gray.jpg HTTP/1.1" 200 635
0:0:0:0:0:0:0:1 - - [15/May/2020:11:06:04 +0900] "GET /resort/css/images/top_image.jpg HTTP/1.1" 200 111401
0:0:0:0:0:0:0:1 - - [15/May/2020:11:06:04 +0900] "GET /resort/cate/images/categrp.png HTTP/1.1" 304 -
0:0:0:0:0:0:0:1 - - [15/May/2020:11:06:04 +0900] "GET /resort/cate/images/cate.png HTTP/1.1" 304 -
0:0:0:0:0:0:0:1 - - [15/May/2020:11:06:04 +0900] "GET /resort/menu/images/resort01.jpg HTTP/1.1" 200 625212
0:0:0:0:0:0:0:1 - - [15/May/2020:11:06:04 +0900] "GET /resort/menu/images/myface.png HTTP/1.1" 200 3314
0:0:0:0:0:0:0:1 - - [15/May/2020:11:06:04 +0900] "GET /resort/menu/images/myimage.png HTTP/1.1" 200 104458
0:0:0:0:0:0:0:1 - - [15/May/2020:11:06:41 +0900] "GET /resort/ HTTP/1.1" 200 8144
0:0:0:0:0:0:0:1 - - [15/May/2020:11:06:41 +0900] "GET /resort/cate/images/categrp.png HTTP/1.1" 304 -
0:0:0:0:0:0:0:1 - - [15/May/2020:11:06:41 +0900] "GET /resort/cate/images/cate.png HTTP/1.1" 304 -
0:0:0:0:0:0:0:1 - - [15/May/2020:11:06:44 +0900] "GET /resort/ HTTP/1.1" 200 8144
0:0:0:0:0:0:0:1 - - [15/May/2020:11:07:14 +0900] "GET /resort/ HTTP/1.1" 200 8140
0:0:0:0:0:0:0:1 - - [15/May/2020:11:07:14 +0900] "GET /resort/cate/images/categrp.png HTTP/1.1" 304 -
0:0:0:0:0:0:0:1 - - [15/May/2020:11:07:14 +0900] "GET /resort/cate/images/cate.png HTTP/1.1" 304 -
0:0:0:0:0:0:0:1 - - [15/May/2020:11:09:22 +0900] "GET /resort/ HTTP/1.1" 200 8140
0:0:0:0:0:0:0:1 - - [15/May/2020:11:09:22 +0900] "GET /resort/cate/images/cate.png HTTP/1.1" 304 -
0:0:0:0:0:0:0:1 - - [15/May/2020:11:09:22 +0900] "GET /resort/cate/images/categrp.png HTTP/1.1" 304 -
0:0:0:0:0:0:0:1 - - [15/May/2020:11:09:23 +0900] "GET /resort/cate/list_index_left.do HTTP/1.1" 200 4816
0:0:0:0:0:0:0:1 - - [15/May/2020:11:09:23 +0900] "GET /resort/cate/images/cate.png HTTP/1.1" 304 -
0:0:0:0:0:0:0:1 - - [15/May/2020:11:09:23 +0900] "GET /resort/cate/images/categrp.png HTTP/1.1" 304 -
0:0:0:0:0:0:0:1 - - [15/May/2020:11:10:04 +0900] "GET /resort/categrp/list.do HTTP/1.1" 200 15775
0:0:0:0:0:0:0:1 - - [15/May/2020:11:10:07 +0900] "GET /resort/categrp/images/open.png HTTP/1.1" 200 1074
0:0:0:0:0:0:0:1 - - [15/May/2020:11:10:07 +0900] "GET /resort/cate/images/cate.png HTTP/1.1" 304 -
0:0:0:0:0:0:0:1 - - [15/May/2020:11:10:07 +0900] "GET /resort/cate/images/categrp.png HTTP/1.1" 304 -
0:0:0:0:0:0:0:1 - - [15/May/2020:11:11:03 +0900] "GET /resort/contents/list.do?cateno=1 HTTP/1.1" 200 10014
0:0:0:0:0:0:0:1 - - [15/May/2020:11:11:03 +0900] "GET /resort/cate/images/categrp.png HTTP/1.1" 304 -
0:0:0:0:0:0:0:1 - - [15/May/2020:11:11:03 +0900] "GET /resort/cate/images/cate.png HTTP/1.1" 304 -
0:0:0:0:0:0:0:1 - - [15/May/2020:11:11:05 +0900] "GET /resort/contents/list.do?cateno=2 HTTP/1.1" 200 9071
0:0:0:0:0:0:0:1 - - [15/May/2020:11:11:06 +0900] "GET /resort/contents/list.do?cateno=3 HTTP/1.1" 200 9071
0:0:0:0:0:0:0:1 - - [15/May/2020:11:11:06 +0900] "GET /resort/contents/list.do?cateno=7 HTTP/1.1" 200 9068
0:0:0:0:0:0:0:1 - - [15/May/2020:11:11:07 +0900] "GET /resort/contents/list.do?cateno=8 HTTP/1.1" 200 9068
0:0:0:0:0:0:0:1 - - [15/May/2020:11:11:08 +0900] "GET /resort/contents/list.do?cateno=23 HTTP/1.1" 200 10332
0:0:0:0:0:0:0:1 - - [15/May/2020:11:11:09 +0900] "GET /resort/contents/list.do?cateno=24 HTTP/1.1" 200 9088
0:0:0:0:0:0:0:1 - - [15/May/2020:11:11:11 +0900] "GET /resort/contents/list.do?cateno=25 HTTP/1.1" 200 9098
0:0:0:0:0:0:0:1 - - [15/May/2020:11:11:12 +0900] "GET /resort/contents/list.do?cateno=17 HTTP/1.1" 200 9488
0:0:0:0:0:0:0:1 - - [15/May/2020:11:11:14 +0900] "GET /resort/contents/list.do?cateno=18 HTTP/1.1" 200 9482
0:0:0:0:0:0:0:1 - - [15/May/2020:11:11:15 +0900] "GET /resort/contents/list.do?cateno=19 HTTP/1.1" 200 9477
0:0:0:0:0:0:0:1 - - [15/May/2020:11:11:15 +0900] "GET /resort/contents/list.do?cateno=20 HTTP/1.1" 200 9066
0:0:0:0:0:0:0:1 - - [15/May/2020:11:11:17 +0900] "GET /resort/contents/list.do?cateno=21 HTTP/1.1" 200 9477
0:0:0:0:0:0:0:1 - - [15/May/2020:11:11:20 +0900] "GET /resort/contents/list.do?cateno=22 HTTP/1.1" 200 9072
0:0:0:0:0:0:0:1 - - [15/May/2020:11:11:22 +0900] "GET /resort/contents/list.do?cateno=6 HTTP/1.1" 200 9081
0:0:0:0:0:0:0:1 - - [15/May/2020:11:11:23 +0900] "GET /resort/contents/list.do?cateno=15 HTTP/1.1" 200 9081
0:0:0:0:0:0:0:1 - - [15/May/2020:11:11:25 +0900] "GET /resort/contents/list.do?cateno=12 HTTP/1.1" 200 9081
0:0:0:0:0:0:0:1 - - [15/May/2020:11:11:26 +0900] "GET /resort/contents/list.do?cateno=13 HTTP/1.1" 200 9473
0:0:0:0:0:0:0:1 - - [15/May/2020:11:11:27 +0900] "GET /resort/contents/list.do?cateno=14 HTTP/1.1" 200 9069
0:0:0:0:0:0:0:1 - - [15/May/2020:11:11:28 +0900] "GET /resort/contents/list.do?cateno=2 HTTP/1.1" 200 9071
0:0:0:0:0:0:0:1 - - [15/May/2020:11:11:29 +0900] "GET /resort/contents/list.do?cateno=1 HTTP/1.1" 200 10014
0:0:0:0:0:0:0:1 - - [15/May/2020:11:11:47 +0900] "GET /resort/contents/list_all.do HTTP/1.1" 200 13213
0:0:0:0:0:0:0:1 - - [15/May/2020:11:11:47 +0900] "GET /resort/cate/images/cate.png HTTP/1.1" 304 -
0:0:0:0:0:0:0:1 - - [15/May/2020:11:11:47 +0900] "GET /resort/cate/images/categrp.png HTTP/1.1" 304 -
0:0:0:0:0:0:0:1 - - [15/May/2020:11:14:57 +0900] "GET /resort/contents/list_all.do HTTP/1.1" 200 13149
0:0:0:0:0:0:0:1 - - [15/May/2020:11:14:57 +0900] "GET /resort/cate/images/categrp.png HTTP/1.1" 304 -
0:0:0:0:0:0:0:1 - - [15/May/2020:11:14:57 +0900] "GET /resort/cate/images/cate.png HTTP/1.1" 304 -
0:0:0:0:0:0:0:1 - - [15/May/2020:11:16:45 +0900] "GET /resort/categrp/list.do HTTP/1.1" 200 15711
0:0:0:0:0:0:0:1 - - [15/May/2020:11:16:45 +0900] "GET /resort/cate/images/cate.png HTTP/1.1" 304 -
0:0:0:0:0:0:0:1 - - [15/May/2020:11:16:45 +0900] "GET /resort/cate/images/categrp.png HTTP/1.1" 304 -
0:0:0:0:0:0:0:1 - - [15/May/2020:11:16:53 +0900] "GET /resort/categrp/update_seqno_down.do?categrpno=1 HTTP/1.1" 200 8169
0:0:0:0:0:0:0:1 - - [15/May/2020:11:16:53 +0900] "GET /resort/css/images/url5.png HTTP/1.1" 200 1074
0:0:0:0:0:0:0:1 - - [15/May/2020:11:16:56 +0900] "GET /resort/categrp/list.do HTTP/1.1" 200 15711
0:0:0:0:0:0:0:1 - - [15/May/2020:11:16:57 +0900] "GET /resort/categrp/list.do HTTP/1.1" 200 15711
0:0:0:0:0:0:0:1 - - [15/May/2020:11:16:58 +0900] "GET /resort/categrp/list.do HTTP/1.1" 200 15711
0:0:0:0:0:0:0:1 - - [15/May/2020:11:17:24 +0900] "GET /resort/categrp/update_seqno_down.do?categrpno=6 HTTP/1.1" 200 8166
0:0:0:0:0:0:0:1 - - [15/May/2020:11:17:25 +0900] "GET /resort/categrp/list.do HTTP/1.1" 200 15711
0:0:0:0:0:0:0:1 - - [15/May/2020:11:17:30 +0900] "GET /resort/categrp/update_seqno_down.do?categrpno=7 HTTP/1.1" 200 8169
0:0:0:0:0:0:0:1 - - [15/May/2020:11:17:31 +0900] "GET /resort/categrp/list.do HTTP/1.1" 200 15711
0:0:0:0:0:0:0:1 - - [15/May/2020:11:17:32 +0900] "GET /resort/categrp/update_seqno_down.do?categrpno=1 HTTP/1.1" 200 8169
0:0:0:0:0:0:0:1 - - [15/May/2020:11:17:33 +0900] "GET /resort/categrp/list.do HTTP/1.1" 200 15711
0:0:0:0:0:0:0:1 - - [15/May/2020:11:17:35 +0900] "GET /resort/categrp/update_seqno_down.do?categrpno=2 HTTP/1.1" 200 8169
0:0:0:0:0:0:0:1 - - [15/May/2020:11:17:36 +0900] "GET /resort/categrp/list.do HTTP/1.1" 200 15711
0:0:0:0:0:0:0:1 - - [15/May/2020:11:17:40 +0900] "GET /resort/categrp/update_seqno_down.do?categrpno=7 HTTP/1.1" 200 8169
0:0:0:0:0:0:0:1 - - [15/May/2020:11:17:41 +0900] "GET /resort/categrp/list.do HTTP/1.1" 200 15711
0:0:0:0:0:0:0:1 - - [15/May/2020:11:17:46 +0900] "GET /resort/categrp/update_seqno_down.do?categrpno=1 HTTP/1.1" 200 8169
0:0:0:0:0:0:0:1 - - [15/May/2020:11:17:47 +0900] "GET /resort/categrp/list.do HTTP/1.1" 200 15711
0:0:0:0:0:0:0:1 - - [15/May/2020:11:17:48 +0900] "GET /resort/categrp/update_seqno_down.do?categrpno=2 HTTP/1.1" 200 8169
0:0:0:0:0:0:0:1 - - [15/May/2020:11:17:49 +0900] "GET /resort/categrp/list.do HTTP/1.1" 200 15711
0:0:0:0:0:0:0:1 - - [15/May/2020:11:18:03 +0900] "GET /resort/categrp/update_seqno_down.do?categrpno=2 HTTP/1.1" 200 8169
0:0:0:0:0:0:0:1 - - [15/May/2020:11:18:04 +0900] "GET /resort/cate/images/cate.png HTTP/1.1" 304 -
0:0:0:0:0:0:0:1 - - [15/May/2020:11:18:04 +0900] "GET /resort/cate/images/categrp.png HTTP/1.1" 304 -
0:0:0:0:0:0:0:1 - - [15/May/2020:11:18:04 +0900] "GET /resort/categrp/list.do HTTP/1.1" 200 15711
0:0:0:0:0:0:0:1 - - [15/May/2020:11:18:09 +0900] "GET /resort/categrp/update_seqno_down.do?categrpno=3 HTTP/1.1" 200 8172
0:0:0:0:0:0:0:1 - - [15/May/2020:11:18:10 +0900] "GET /resort/categrp/list.do HTTP/1.1" 200 15711
0:0:0:0:0:0:0:1 - - [15/May/2020:11:18:12 +0900] "GET /resort/categrp/update_seqno_down.do?categrpno=3 HTTP/1.1" 200 8172
0:0:0:0:0:0:0:1 - - [15/May/2020:11:18:13 +0900] "GET /resort/categrp/list.do HTTP/1.1" 200 15711
0:0:0:0:0:0:0:1 - - [15/May/2020:11:18:15 +0900] "GET /resort/categrp/update_seqno_down.do?categrpno=3 HTTP/1.1" 200 8172
0:0:0:0:0:0:0:1 - - [15/May/2020:11:18:16 +0900] "GET /resort/categrp/list.do HTTP/1.1" 200 15711
0:0:0:0:0:0:0:1 - - [15/May/2020:11:18:18 +0900] "GET /resort/categrp/update_seqno_down.do?categrpno=5 HTTP/1.1" 200 8169
0:0:0:0:0:0:0:1 - - [15/May/2020:11:18:18 +0900] "GET /resort/categrp/list.do HTTP/1.1" 200 15711
0:0:0:0:0:0:0:1 - - [15/May/2020:11:18:24 +0900] "GET /resort/categrp/update_seqno_down.do?categrpno=5 HTTP/1.1" 200 8169
0:0:0:0:0:0:0:1 - - [15/May/2020:11:18:25 +0900] "GET /resort/categrp/list.do HTTP/1.1" 200 15711
0:0:0:0:0:0:0:1 - - [15/May/2020:11:18:26 +0900] "GET /resort/categrp/update_seqno_down.do?categrpno=5 HTTP/1.1" 200 8169
0:0:0:0:0:0:0:1 - - [15/May/2020:11:18:27 +0900] "GET /resort/categrp/list.do HTTP/1.1" 200 15711
127.0.0.1 - - [15/May/2020:12:03:21 +0900] "GET / HTTP/1.1" 404 750
0:0:0:0:0:0:0:1 - - [15/May/2020:12:03:30 +0900] "GET /resort/categrp/list.do HTTP/1.1" 200 15711
0:0:0:0:0:0:0:1 - - [15/May/2020:12:03:31 +0900] "GET /resort/cate/images/cate.png HTTP/1.1" 304 -
0:0:0:0:0:0:0:1 - - [15/May/2020:12:03:31 +0900] "GET /resort/cate/images/categrp.png HTTP/1.1" 304 -
0:0:0:0:0:0:0:1 - - [15/May/2020:12:03:32 +0900] "GET /resort/cate/list_all.do HTTP/1.1" 200 30554
0:0:0:0:0:0:0:1 - - [15/May/2020:12:03:32 +0900] "GET /resort/cate/images/open.png HTTP/1.1" 200 1074
0:0:0:0:0:0:0:1 - - [15/May/2020:12:03:33 +0900] "GET /resort/categrp/list.do HTTP/1.1" 200 15711
0:0:0:0:0:0:0:1 - - [15/May/2020:12:03:36 +0900] "GET /resort/cate/list_join_by_categrpno.do?categrpno=8 HTTP/1.1" 200 12919
0:0:0:0:0:0:0:1 - - [15/May/2020:12:03:41 +0900] "GET /resort/contents/list.do?cateno=23 HTTP/1.1" 200 10268
0:0:0:0:0:0:0:1 - - [15/May/2020:12:03:46 +0900] "GET /resort/contents/list.do?cateno=17 HTTP/1.1" 200 9424
0:0:0:0:0:0:0:1 - - [15/May/2020:12:03:48 +0900] "GET /resort/contents/list.do?cateno=18 HTTP/1.1" 200 9418
0:0:0:0:0:0:0:1 - - [15/May/2020:12:03:49 +0900] "GET /resort/contents/list.do?cateno=19 HTTP/1.1" 200 9413
0:0:0:0:0:0:0:1 - - [15/May/2020:12:03:49 +0900] "GET /resort/contents/list.do?cateno=20 HTTP/1.1" 200 9002
0:0:0:0:0:0:0:1 - - [15/May/2020:12:03:50 +0900] "GET /resort/contents/list.do?cateno=21 HTTP/1.1" 200 9413
0:0:0:0:0:0:0:1 - - [15/May/2020:12:03:51 +0900] "GET /resort/contents/list.do?cateno=22 HTTP/1.1" 200 9008
0:0:0:0:0:0:0:1 - - [15/May/2020:12:03:53 +0900] "GET /resort/contents/create.do?categrpno=7&cateno=22 HTTP/1.1" 200 9967
0:0:0:0:0:0:0:1 - - [15/May/2020:12:04:09 +0900] "POST /resort/contents/create.do HTTP/1.1" 200 3669
0:0:0:0:0:0:0:1 - - [15/May/2020:12:04:11 +0900] "GET /resort/contents/list.do?cateno=22 HTTP/1.1" 200 9420
0:0:0:0:0:0:0:1 - - [15/May/2020:12:04:13 +0900] "GET /resort/contents/list.do?cateno=22 HTTP/1.1" 200 9420
0:0:0:0:0:0:0:1 - - [15/May/2020:12:04:15 +0900] "GET /resort/contents/read.do?contentsno=13 HTTP/1.1" 200 9203
0:0:0:0:0:0:0:1 - - [15/May/2020:12:04:20 +0900] "GET /resort/contents/delete.do?cateno=&contentsno=13 HTTP/1.1" 200 9147
0:0:0:0:0:0:0:1 - - [15/May/2020:12:04:23 +0900] "POST /resort/contents/delete.do HTTP/1.1" 200 3525
0:0:0:0:0:0:0:1 - - [15/May/2020:12:04:24 +0900] "GET /resort/contents/list.do?categrpno= HTTP/1.1" 500 4547
0:0:0:0:0:0:0:1 - - [15/May/2020:12:04:30 +0900] "GET /resort HTTP/1.1" 302 -
0:0:0:0:0:0:0:1 - - [15/May/2020:12:04:30 +0900] "GET /resort/ HTTP/1.1" 200 8076
0:0:0:0:0:0:0:1 - - [15/May/2020:12:04:32 +0900] "GET /resort/contents/list.do?cateno=22 HTTP/1.1" 200 9008
0:0:0:0:0:0:0:1 - - [15/May/2020:12:05:24 +0900] "GET /resort/contents/create.do?categrpno=7&cateno=22 HTTP/1.1" 200 9967
0:0:0:0:0:0:0:1 - - [15/May/2020:12:05:36 +0900] "POST /resort/contents/create.do HTTP/1.1" 200 3669
0:0:0:0:0:0:0:1 - - [15/May/2020:12:05:37 +0900] "GET /resort/contents/list.do?cateno=22 HTTP/1.1" 200 9410
0:0:0:0:0:0:0:1 - - [15/May/2020:12:05:38 +0900] "GET /resort/contents/read.do?contentsno=14 HTTP/1.1" 200 9178
0:0:0:0:0:0:0:1 - - [15/May/2020:12:05:41 +0900] "GET /resort/contents/delete.do?cateno=&contentsno=14 HTTP/1.1" 200 9137
0:0:0:0:0:0:0:1 - - [15/May/2020:12:05:44 +0900] "POST /resort/contents/delete.do HTTP/1.1" 200 3515
0:0:0:0:0:0:0:1 - - [15/May/2020:12:06:14 +0900] "GET /resort/contents/list.do?categrpno= HTTP/1.1" 500 4547
0:0:0:0:0:0:0:1 - - [15/May/2020:12:06:51 +0900] "GET /resort HTTP/1.1" 302 -
0:0:0:0:0:0:0:1 - - [15/May/2020:12:06:51 +0900] "GET /resort/ HTTP/1.1" 200 8076
0:0:0:0:0:0:0:1 - - [15/May/2020:12:06:55 +0900] "GET /resort/contents/list.do?cateno=22 HTTP/1.1" 200 9008
0:0:0:0:0:0:0:1 - - [15/May/2020:12:06:57 +0900] "GET /resort/contents/create.do?categrpno=7&cateno=22 HTTP/1.1" 200 9967
0:0:0:0:0:0:0:1 - - [15/May/2020:12:07:06 +0900] "POST /resort/contents/create.do HTTP/1.1" 200 3669
0:0:0:0:0:0:0:1 - - [15/May/2020:12:07:07 +0900] "GET /resort/contents/list.do?cateno=22 HTTP/1.1" 200 9410
0:0:0:0:0:0:0:1 - - [15/May/2020:12:07:08 +0900] "GET /resort/contents/read.do?contentsno=15 HTTP/1.1" 200 9178
0:0:0:0:0:0:0:1 - - [15/May/2020:12:07:10 +0900] "GET /resort/contents/delete.do?cateno=&contentsno=15 HTTP/1.1" 200 9137
0:0:0:0:0:0:0:1 - - [15/May/2020:12:07:12 +0900] "POST /resort/contents/delete.do HTTP/1.1" 200 3501
0:0:0:0:0:0:0:1 - - [15/May/2020:12:07:13 +0900] "GET / HTTP/1.1" 404 750
0:0:0:0:0:0:0:1 - - [15/May/2020:12:07:24 +0900] "GET /resort/categrp/list.do HTTP/1.1" 200 15711
0:0:0:0:0:0:0:1 - - [15/May/2020:12:07:27 +0900] "GET /resort/contents/list.do?cateno=22 HTTP/1.1" 200 9008
0:0:0:0:0:0:0:1 - - [15/May/2020:12:07:28 +0900] "GET /resort/contents/create.do?categrpno=7&cateno=22 HTTP/1.1" 200 9967
0:0:0:0:0:0:0:1 - - [15/May/2020:12:07:38 +0900] "POST /resort/contents/create.do HTTP/1.1" 200 3669
0:0:0:0:0:0:0:1 - - [15/May/2020:12:07:39 +0900] "GET /resort/contents/list.do?cateno=22 HTTP/1.1" 200 9410
0:0:0:0:0:0:0:1 - - [15/May/2020:12:07:40 +0900] "GET /resort/contents/read.do?contentsno=16 HTTP/1.1" 200 9178
0:0:0:0:0:0:0:1 - - [15/May/2020:12:07:41 +0900] "GET /resort/contents/delete.do?cateno=&contentsno=16 HTTP/1.1" 200 9137
0:0:0:0:0:0:0:1 - - [15/May/2020:12:07:44 +0900] "POST /resort/contents/delete.do HTTP/1.1" 200 3498
0:0:0:0:0:0:0:1 - - [15/May/2020:12:07:44 +0900] "GET /resort/ HTTP/1.1" 200 8076
0:0:0:0:0:0:0:1 - - [15/May/2020:12:07:48 +0900] "GET /resort/contents/list.do?cateno=22 HTTP/1.1" 200 9008
0:0:0:0:0:0:0:1 - - [15/May/2020:12:08:07 +0900] "GET /resort/categrp/list.do HTTP/1.1" 200 15711
0:0:0:0:0:0:0:1 - - [15/May/2020:12:08:07 +0900] "GET /resort/cate/list_all.do HTTP/1.1" 200 30554
0:0:0:0:0:0:0:1 - - [15/May/2020:12:08:24 +0900] "GET /resort/contents/list.do?cateno=22 HTTP/1.1" 200 9008
0:0:0:0:0:0:0:1 - - [15/May/2020:12:08:29 +0900] "GET /resort/contents/list.do?cateno=22 HTTP/1.1" 200 9008
0:0:0:0:0:0:0:1 - - [15/May/2020:12:09:32 +0900] "GET /resort/contents/list.do?cateno=22 HTTP/1.1" 200 9007
0:0:0:0:0:0:0:1 - - [15/May/2020:12:09:32 +0900] "GET /resort/cate/images/cate.png HTTP/1.1" 304 -
0:0:0:0:0:0:0:1 - - [15/May/2020:12:09:32 +0900] "GET /resort/cate/images/categrp.png HTTP/1.1" 304 -
0:0:0:0:0:0:0:1 - - [15/May/2020:12:10:43 +0900] "GET /resort/contents/list.do?cateno=23 HTTP/1.1" 200 9023
0:0:0:0:0:0:0:1 - - [15/May/2020:12:10:43 +0900] "GET /resort/contents/list.do?cateno=22 HTTP/1.1" 200 9007
0:0:0:0:0:0:0:1 - - [15/May/2020:12:11:18 +0900] "GET /resort/contents/list.do?cateno=23 HTTP/1.1" 200 9023
0:0:0:0:0:0:0:1 - - [15/May/2020:12:11:19 +0900] "GET /resort/contents/create.do?categrpno=8&cateno=23 HTTP/1.1" 200 9966
0:0:0:0:0:0:0:1 - - [15/May/2020:12:11:58 +0900] "POST /resort/contents/create.do HTTP/1.1" 200 3669
0:0:0:0:0:0:0:1 - - [15/May/2020:12:12:00 +0900] "GET /resort/contents/list.do?cateno=23 HTTP/1.1" 200 9445
0:0:0:0:0:0:0:1 - - [15/May/2020:12:12:10 +0900] "GET /resort/contents/read.do?contentsno=17 HTTP/1.1" 200 9225
0:0:0:0:0:0:0:1 - - [15/May/2020:12:12:11 +0900] "GET /resort/contents/delete.do?cateno=&contentsno=17 HTTP/1.1" 200 9156
0:0:0:0:0:0:0:1 - - [15/May/2020:12:12:18 +0900] "POST /resort/contents/delete.do HTTP/1.1" 200 3532
0:0:0:0:0:0:0:1 - - [15/May/2020:12:12:19 +0900] "GET /resort/contents/list.do?cateno= HTTP/1.1" 400 843
0:0:0:0:0:0:0:1 - - [15/May/2020:12:13:52 +0900] "GET /resort/categrp/list.do HTTP/1.1" 200 15710
0:0:0:0:0:0:0:1 - - [15/May/2020:12:13:53 +0900] "GET /resort/categrp/list.do HTTP/1.1" 200 15710
0:0:0:0:0:0:0:1 - - [15/May/2020:12:13:55 +0900] "GET /resort/contents/list.do?cateno=23 HTTP/1.1" 200 9023
0:0:0:0:0:0:0:1 - - [15/May/2020:12:14:05 +0900] "GET /resort/contents/create.do?categrpno=8&cateno=23 HTTP/1.1" 200 9966
0:0:0:0:0:0:0:1 - - [15/May/2020:12:14:14 +0900] "POST /resort/contents/create.do HTTP/1.1" 200 3669
0:0:0:0:0:0:0:1 - - [15/May/2020:12:14:15 +0900] "GET /resort/contents/list.do?cateno=23 HTTP/1.1" 200 9425
0:0:0:0:0:0:0:1 - - [15/May/2020:12:14:18 +0900] "GET /resort/contents/read.do?contentsno=18 HTTP/1.1" 200 9177
0:0:0:0:0:0:0:1 - - [15/May/2020:12:14:20 +0900] "GET /resort/contents/delete.do?cateno=&contentsno=18 HTTP/1.1" 200 9136
0:0:0:0:0:0:0:1 - - [15/May/2020:12:14:27 +0900] "POST /resort/contents/delete.do HTTP/1.1" 200 3512
0:0:0:0:0:0:0:1 - - [15/May/2020:12:14:30 +0900] "GET /resort/contents/list.do?cateno= HTTP/1.1" 400 843
0:0:0:0:0:0:0:1 - - [15/May/2020:12:14:37 +0900] "GET /resort/categrp/list.do HTTP/1.1" 200 15710
0:0:0:0:0:0:0:1 - - [15/May/2020:12:14:40 +0900] "GET /resort/contents/list.do?cateno=23 HTTP/1.1" 200 9023
0:0:0:0:0:0:0:1 - - [15/May/2020:12:15:17 +0900] "GET /resort/contents/create.do?categrpno=8&cateno=23 HTTP/1.1" 200 9966
0:0:0:0:0:0:0:1 - - [15/May/2020:12:15:32 +0900] "GET /resort/contents/create.do?categrpno=8&cateno=23 HTTP/1.1" 200 9966
0:0:0:0:0:0:0:1 - - [15/May/2020:12:15:37 +0900] "GET /resort/contents/list.do?cateno=23 HTTP/1.1" 200 9023
0:0:0:0:0:0:0:1 - - [15/May/2020:12:16:48 +0900] "GET /resort/contents/list.do?cateno=23 HTTP/1.1" 200 9023
0:0:0:0:0:0:0:1 - - [15/May/2020:12:16:48 +0900] "GET /resort/cate/images/categrp.png HTTP/1.1" 304 -
0:0:0:0:0:0:0:1 - - [15/May/2020:12:16:48 +0900] "GET /resort/cate/images/cate.png HTTP/1.1" 304 -
127.0.0.1 - - [15/May/2020:12:17:11 +0900] "GET / HTTP/1.1" 404 750
0:0:0:0:0:0:0:1 - - [15/May/2020:12:17:19 +0900] "GET /resort/contents/list.do?cateno=23 HTTP/1.1" 200 9023
0:0:0:0:0:0:0:1 - - [15/May/2020:12:17:29 +0900] "GET /resort/contents/list.do?cateno=23 HTTP/1.1" 200 9023
0:0:0:0:0:0:0:1 - - [15/May/2020:12:17:32 +0900] "GET /resort/contents/create.do?categrpno=8&cateno=23 HTTP/1.1" 200 9966
0:0:0:0:0:0:0:1 - - [15/May/2020:12:17:38 +0900] "POST /resort/contents/create.do HTTP/1.1" 200 3669
0:0:0:0:0:0:0:1 - - [15/May/2020:12:17:39 +0900] "GET /resort/contents/list.do?cateno=23 HTTP/1.1" 200 9425
0:0:0:0:0:0:0:1 - - [15/May/2020:12:17:40 +0900] "GET /resort/contents/read.do?contentsno=19 HTTP/1.1" 200 9177
0:0:0:0:0:0:0:1 - - [15/May/2020:12:17:43 +0900] "GET /resort/contents/delete.do?cateno=&contentsno=19 HTTP/1.1" 200 9136
0:0:0:0:0:0:0:1 - - [15/May/2020:12:17:50 +0900] "POST /resort/contents/delete.do HTTP/1.1" 200 3512
0:0:0:0:0:0:0:1 - - [15/May/2020:12:17:56 +0900] "GET /resort/contents/list.do?cateno= HTTP/1.1" 400 843
0:0:0:0:0:0:0:1 - - [15/May/2020:12:18:50 +0900] "GET /resort/categrp/list.do HTTP/1.1" 200 15710
0:0:0:0:0:0:0:1 - - [15/May/2020:12:18:51 +0900] "GET /resort/cate/list_join_by_categrpno.do?categrpno=8 HTTP/1.1" 200 12918
0:0:0:0:0:0:0:1 - - [15/May/2020:12:18:52 +0900] "GET /resort/contents/list.do?cateno=23 HTTP/1.1" 200 9023
0:0:0:0:0:0:0:1 - - [15/May/2020:12:19:02 +0900] "GET /resort/contents/create.do?categrpno=8&cateno=23 HTTP/1.1" 200 9966
0:0:0:0:0:0:0:1 - - [15/May/2020:12:19:12 +0900] "POST /resort/contents/create.do HTTP/1.1" 200 3669
0:0:0:0:0:0:0:1 - - [15/May/2020:12:19:13 +0900] "GET /resort/contents/list.do?cateno=23 HTTP/1.1" 200 9425
0:0:0:0:0:0:0:1 - - [15/May/2020:12:19:14 +0900] "GET /resort/contents/read.do?contentsno=20 HTTP/1.1" 200 9238
0:0:0:0:0:0:0:1 - - [15/May/2020:12:19:15 +0900] "GET /resort/contents/delete.do?cateno=&contentsno=20 HTTP/1.1" 200 9136
0:0:0:0:0:0:0:1 - - [15/May/2020:12:19:18 +0900] "POST /resort/contents/delete.do HTTP/1.1" 200 3514
0:0:0:0:0:0:0:1 - - [15/May/2020:12:19:19 +0900] "GET /resort/contents/list.do?cateno=23 HTTP/1.1" 200 9023
0:0:0:0:0:0:0:1 - - [15/May/2020:12:20:28 +0900] "GET /resort/categrp/list.do HTTP/1.1" 200 15710
0:0:0:0:0:0:0:1 - - [15/May/2020:12:20:30 +0900] "GET /resort/contents/list.do?cateno=23 HTTP/1.1" 200 9023
0:0:0:0:0:0:0:1 - - [15/May/2020:12:21:17 +0900] "GET /resort/contents/list.do?cateno=23 HTTP/1.1" 200 9023
0:0:0:0:0:0:0:1 - - [15/May/2020:12:21:18 +0900] "GET /resort/contents/create.do?categrpno=8&cateno=23 HTTP/1.1" 200 9966
0:0:0:0:0:0:0:1 - - [15/May/2020:12:21:46 +0900] "POST /resort/contents/create.do HTTP/1.1" 200 3669
0:0:0:0:0:0:0:1 - - [15/May/2020:12:22:43 +0900] "GET /resort/categrp/list.do HTTP/1.1" 200 14347
0:0:0:0:0:0:0:1 - - [15/May/2020:12:22:43 +0900] "GET /resort/categrp/images/close.png HTTP/1.1" 200 3457
0:0:0:0:0:0:0:1 - - [15/May/2020:12:23:49 +0900] "GET /resort/categrp/list.do HTTP/1.1" 200 15710
0:0:0:0:0:0:0:1 - - [15/May/2020:12:23:56 +0900] "GET /resort/contents/list.do?cateno=23 HTTP/1.1" 200 9429
0:0:0:0:0:0:0:1 - - [15/May/2020:12:23:57 +0900] "GET /resort/contents/create.do?categrpno=8&cateno=23 HTTP/1.1" 200 9966
0:0:0:0:0:0:0:1 - - [15/May/2020:12:24:10 +0900] "POST /resort/contents/create.do HTTP/1.1" 200 3669
0:0:0:0:0:0:0:1 - - [15/May/2020:12:24:27 +0900] "GET /resort/contents/list.do?cateno=23 HTTP/1.1" 200 9831
0:0:0:0:0:0:0:1 - - [15/May/2020:12:24:27 +0900] "GET /resort/cate/images/categrp.png HTTP/1.1" 304 -
0:0:0:0:0:0:0:1 - - [15/May/2020:12:24:27 +0900] "GET /resort/cate/images/cate.png HTTP/1.1" 304 -
172.16.12.4 - - [15/May/2020:12:26:08 +0900] "GET /resort/cate/list_index_left.do HTTP/1.1" 200 4815
0:0:0:0:0:0:0:1 - - [15/May/2020:12:26:08 +0900] "GET /resort/contents/list.do?cateno=23 HTTP/1.1" 200 9831
0:0:0:0:0:0:0:1 - - [15/May/2020:12:26:09 +0900] "GET /resort HTTP/1.1" 302 -
172.16.12.4 - - [15/May/2020:12:26:09 +0900] "GET /resort/cate/list_index_left.do HTTP/1.1" 200 4815
0:0:0:0:0:0:0:1 - - [15/May/2020:12:26:09 +0900] "GET /resort/ HTTP/1.1" 200 8075
0:0:0:0:0:0:0:1 - - [15/May/2020:12:26:18 +0900] "GET /resort HTTP/1.1" 302 -
172.16.12.4 - - [15/May/2020:12:26:18 +0900] "GET /resort/cate/list_index_left.do HTTP/1.1" 200 4815
0:0:0:0:0:0:0:1 - - [15/May/2020:12:26:18 +0900] "GET /resort/ HTTP/1.1" 200 8075
172.16.12.4 - - [15/May/2020:12:26:18 +0900] "GET /resort/cate/list_index_left.do HTTP/1.1" 200 4815
0:0:0:0:0:0:0:1 - - [15/May/2020:12:26:18 +0900] "GET /resort/categrp/list.do HTTP/1.1" 200 15710
172.16.12.4 - - [15/May/2020:12:26:26 +0900] "GET /resort/cate/list_index_left.do HTTP/1.1" 200 4815
0:0:0:0:0:0:0:1 - - [15/May/2020:12:26:26 +0900] "GET /resort/contents/list.do?cateno=23 HTTP/1.1" 200 9831
172.16.12.4 - - [15/May/2020:12:26:27 +0900] "GET /resort/cate/list_index_left.do HTTP/1.1" 200 4815
0:0:0:0:0:0:0:1 - - [15/May/2020:12:26:27 +0900] "GET /resort/contents/create.do?categrpno=8&cateno=23 HTTP/1.1" 200 9966
172.16.12.4 - - [15/May/2020:12:26:38 +0900] "GET /resort/cate/list_index_left.do HTTP/1.1" 200 4815
0:0:0:0:0:0:0:1 - - [15/May/2020:12:26:38 +0900] "POST /resort/contents/create.do HTTP/1.1" 200 8504
172.16.12.4 - - [15/May/2020:12:26:39 +0900] "GET /resort/cate/list_index_left.do HTTP/1.1" 200 4815
0:0:0:0:0:0:0:1 - - [15/May/2020:12:26:39 +0900] "GET /resort/contents/list.do?cateno=23 HTTP/1.1" 200 10233
172.16.12.4 - - [15/May/2020:12:26:42 +0900] "GET /resort/cate/list_index_left.do HTTP/1.1" 200 4815
0:0:0:0:0:0:0:1 - - [15/May/2020:12:26:42 +0900] "GET /resort/contents/create.do?categrpno=8&cateno=23 HTTP/1.1" 200 9966
172.16.12.4 - - [15/May/2020:12:26:49 +0900] "GET /resort/cate/list_index_left.do HTTP/1.1" 200 4815
0:0:0:0:0:0:0:1 - - [15/May/2020:12:26:49 +0900] "POST /resort/contents/create.do HTTP/1.1" 200 8504
0:0:0:0:0:0:0:1 - - [15/May/2020:12:28:22 +0900] "GET /resort/categrp/list.do HTTP/1.1" 200 14347
172.16.12.4 - - [15/May/2020:12:28:52 +0900] "GET /resort/cate/list_index_left.do HTTP/1.1" 200 4815
0:0:0:0:0:0:0:1 - - [15/May/2020:12:28:52 +0900] "GET /resort/categrp/list.do HTTP/1.1" 200 15710
0:0:0:0:0:0:0:1 - - [15/May/2020:12:32:11 +0900] "GET /resort/categrp/list.do HTTP/1.1" 500 4538
0:0:0:0:0:0:0:1 - - [15/May/2020:12:32:16 +0900] "GET /resort HTTP/1.1" 302 -
0:0:0:0:0:0:0:1 - - [15/May/2020:12:32:16 +0900] "GET /resort/ HTTP/1.1" 500 3501
172.16.12.4 - - [15/May/2020:12:32:24 +0900] "GET /resort/cate/list_index_left.do HTTP/1.1" 200 4815
0:0:0:0:0:0:0:1 - - [15/May/2020:12:32:24 +0900] "GET /resort/contents/create.do HTTP/1.1" 200 9963
0:0:0:0:0:0:0:1 - - [15/May/2020:12:32:27 +0900] "GET /resort HTTP/1.1" 302 -
172.16.12.4 - - [15/May/2020:12:32:27 +0900] "GET /resort/cate/list_index_left.do HTTP/1.1" 200 4815
0:0:0:0:0:0:0:1 - - [15/May/2020:12:32:27 +0900] "GET /resort/ HTTP/1.1" 200 8075
172.16.12.4 - - [15/May/2020:12:32:29 +0900] "GET /resort/cate/list_index_left.do HTTP/1.1" 200 4815
0:0:0:0:0:0:0:1 - - [15/May/2020:12:32:29 +0900] "GET /resort/contents/list.do?cateno=23 HTTP/1.1" 200 10635
0:0:0:0:0:0:0:1 - - [15/May/2020:12:32:29 +0900] "GET /resort/cate/images/cate.png HTTP/1.1" 304 -
172.16.12.4 - - [15/May/2020:12:37:16 +0900] "GET /resort/cate/list_index_left.do HTTP/1.1" 200 4815
0:0:0:0:0:0:0:1 - - [15/May/2020:12:37:16 +0900] "GET /resort/attachfile/list.do HTTP/1.1" 200 9385
0:0:0:0:0:0:0:1 - - [15/May/2020:12:37:16 +0900] "GET /resort/cate/images/categrp.png HTTP/1.1" 304 -
172.16.12.4 - - [15/May/2020:12:37:22 +0900] "GET /resort/cate/list_index_left.do HTTP/1.1" 200 4815
0:0:0:0:0:0:0:1 - - [15/May/2020:12:37:22 +0900] "GET /resort/attachfile/create.do HTTP/1.1" 200 8881
172.16.12.4 - - [15/May/2020:12:40:41 +0900] "GET /resort/cate/list_index_left.do HTTP/1.1" 200 4815
0:0:0:0:0:0:0:1 - - [15/May/2020:12:40:41 +0900] "GET /resort/contents/list.do?cateno=23 HTTP/1.1" 200 10635
172.16.12.4 - - [15/May/2020:12:40:49 +0900] "GET /resort/cate/list_index_left.do HTTP/1.1" 200 4815
0:0:0:0:0:0:0:1 - - [15/May/2020:12:40:49 +0900] "GET /resort/contents/read.do?contentsno=24 HTTP/1.1" 200 9177
172.16.12.4 - - [15/May/2020:12:40:51 +0900] "GET /resort/cate/list_index_left.do HTTP/1.1" 200 4815
0:0:0:0:0:0:0:1 - - [15/May/2020:12:40:51 +0900] "GET /resort/contents/list.do?cateno=23 HTTP/1.1" 200 10635
172.16.12.4 - - [15/May/2020:12:40:52 +0900] "GET /resort/cate/list_index_left.do HTTP/1.1" 200 4815
0:0:0:0:0:0:0:1 - - [15/May/2020:12:40:52 +0900] "GET /resort/contents/read.do?contentsno=21 HTTP/1.1" 200 9190
172.16.12.4 - - [15/May/2020:12:42:36 +0900] "GET /resort/cate/list_index_left.do HTTP/1.1" 200 4815
0:0:0:0:0:0:0:1 - - [15/May/2020:12:42:36 +0900] "GET /resort/contents/list.do?cateno=23 HTTP/1.1" 200 10635
0:0:0:0:0:0:0:1 - - [15/May/2020:12:42:36 +0900] "GET /resort/cate/images/cate.png HTTP/1.1" 304 -
172.16.12.4 - - [15/May/2020:12:42:37 +0900] "GET /resort/cate/list_index_left.do HTTP/1.1" 200 4815
0:0:0:0:0:0:0:1 - - [15/May/2020:12:42:37 +0900] "GET /resort/contents/read.do?contentsno=24 HTTP/1.1" 200 9292
172.16.12.4 - - [15/May/2020:12:42:40 +0900] "GET /resort/cate/list_index_left.do HTTP/1.1" 200 4815
0:0:0:0:0:0:0:1 - - [15/May/2020:12:42:40 +0900] "GET /resort/contents/list.do?cateno=23 HTTP/1.1" 200 10635
172.16.12.4 - - [15/May/2020:12:42:41 +0900] "GET /resort/cate/list_index_left.do HTTP/1.1" 200 4815
0:0:0:0:0:0:0:1 - - [15/May/2020:12:42:41 +0900] "GET /resort/contents/read.do?contentsno=21 HTTP/1.1" 200 9305
172.16.12.4 - - [15/May/2020:12:43:56 +0900] "GET /resort/cate/list_index_left.do HTTP/1.1" 200 4815
0:0:0:0:0:0:0:1 - - [15/May/2020:12:43:56 +0900] "GET /resort/categrp/list.do HTTP/1.1" 200 15710
172.16.12.4 - - [15/May/2020:12:43:57 +0900] "GET /resort/cate/list_index_left.do HTTP/1.1" 200 4815
0:0:0:0:0:0:0:1 - - [15/May/2020:12:43:57 +0900] "GET /resort/contents/list.do?cateno=23 HTTP/1.1" 200 10635
172.16.12.4 - - [15/May/2020:12:43:59 +0900] "GET /resort/cate/list_index_left.do HTTP/1.1" 200 4815
0:0:0:0:0:0:0:1 - - [15/May/2020:12:43:59 +0900] "GET /resort/contents/read.do?contentsno=21 HTTP/1.1" 200 9305
172.16.12.4 - - [15/May/2020:12:44:00 +0900] "GET /resort/cate/list_index_left.do HTTP/1.1" 200 4815
0:0:0:0:0:0:0:1 - - [15/May/2020:12:44:00 +0900] "GET /resort/attachfile/create.do?contentsno=21 HTTP/1.1" 200 8882
172.16.12.4 - - [15/May/2020:12:44:57 +0900] "GET /resort/cate/list_index_left.do HTTP/1.1" 200 4815
0:0:0:0:0:0:0:1 - - [15/May/2020:12:44:57 +0900] "GET /resort/contents/list.do?cateno=25 HTTP/1.1" 200 9033
172.16.12.4 - - [15/May/2020:12:44:57 +0900] "GET /resort/cate/list_index_left.do HTTP/1.1" 200 4815
0:0:0:0:0:0:0:1 - - [15/May/2020:12:44:57 +0900] "GET /resort/contents/list.do?cateno=23 HTTP/1.1" 200 10635
172.16.12.4 - - [15/May/2020:12:44:59 +0900] "GET /resort/cate/list_index_left.do HTTP/1.1" 200 4815
0:0:0:0:0:0:0:1 - - [15/May/2020:12:44:59 +0900] "GET /resort/contents/read.do?contentsno=21 HTTP/1.1" 200 9305
172.16.12.4 - - [15/May/2020:12:45:00 +0900] "GET /resort/cate/list_index_left.do HTTP/1.1" 200 4815
0:0:0:0:0:0:0:1 - - [15/May/2020:12:45:00 +0900] "GET /resort/attachfile/create.do?contentsno=21 HTTP/1.1" 200 8882
172.16.12.4 - - [15/May/2020:12:45:18 +0900] "GET /resort/cate/list_index_left.do HTTP/1.1" 200 4815
0:0:0:0:0:0:0:1 - - [15/May/2020:12:45:18 +0900] "GET /resort/contents/list.do?cateno=15 HTTP/1.1" 200 9016
172.16.12.4 - - [15/May/2020:12:45:20 +0900] "GET /resort/cate/list_index_left.do HTTP/1.1" 200 4815
0:0:0:0:0:0:0:1 - - [15/May/2020:12:45:20 +0900] "GET /resort/contents/create.do?categrpno=3&cateno=15 HTTP/1.1" 200 9966
172.16.12.4 - - [15/May/2020:12:45:44 +0900] "GET /resort/cate/list_index_left.do HTTP/1.1" 200 4815
0:0:0:0:0:0:0:1 - - [15/May/2020:12:45:44 +0900] "POST /resort/contents/create.do HTTP/1.1" 200 8504
172.16.12.4 - - [15/May/2020:12:45:45 +0900] "GET /resort/cate/list_index_left.do HTTP/1.1" 200 4815
0:0:0:0:0:0:0:1 - - [15/May/2020:12:45:45 +0900] "GET /resort/contents/list.do?cateno=15 HTTP/1.1" 200 9428
172.16.12.4 - - [15/May/2020:12:45:58 +0900] "GET /resort/cate/list_index_left.do HTTP/1.1" 200 4815
0:0:0:0:0:0:0:1 - - [15/May/2020:12:45:58 +0900] "GET /resort/contents/read.do?contentsno=25 HTTP/1.1" 200 9327
172.16.12.4 - - [15/May/2020:12:45:59 +0900] "GET /resort/cate/list_index_left.do HTTP/1.1" 200 4815
0:0:0:0:0:0:0:1 - - [15/May/2020:12:45:59 +0900] "GET /resort/attachfile/create.do?contentsno=25 HTTP/1.1" 200 8882
172.16.12.4 - - [15/May/2020:12:46:08 +0900] "GET /resort/cate/list_index_left.do HTTP/1.1" 200 4815
0:0:0:0:0:0:0:1 - - [15/May/2020:12:46:08 +0900] "POST /resort/attachfile/create.do HTTP/1.1" 200 8701
172.16.12.4 - - [15/May/2020:12:46:21 +0900] "GET /resort/cate/list_index_left.do HTTP/1.1" 200 4815
0:0:0:0:0:0:0:1 - - [15/May/2020:12:46:21 +0900] "POST /resort/attachfile/create.do HTTP/1.1" 200 8701
172.16.12.4 - - [15/May/2020:12:46:22 +0900] "GET /resort/cate/list_index_left.do HTTP/1.1" 200 4815
0:0:0:0:0:0:0:1 - - [15/May/2020:12:46:22 +0900] "POST /resort/attachfile/create.do HTTP/1.1" 200 8701
172.16.12.4 - - [15/May/2020:12:46:22 +0900] "GET /resort/cate/list_index_left.do HTTP/1.1" 200 4815
0:0:0:0:0:0:0:1 - - [15/May/2020:12:46:22 +0900] "POST /resort/attachfile/create.do HTTP/1.1" 200 8701
172.16.12.4 - - [15/May/2020:12:46:23 +0900] "GET /resort/cate/list_index_left.do HTTP/1.1" 200 4815
0:0:0:0:0:0:0:1 - - [15/May/2020:12:46:23 +0900] "POST /resort/attachfile/create.do HTTP/1.1" 200 8701
172.16.12.4 - - [15/May/2020:12:46:24 +0900] "GET /resort/cate/list_index_left.do HTTP/1.1" 200 4815
0:0:0:0:0:0:0:1 - - [15/May/2020:12:46:24 +0900] "POST /resort/attachfile/create.do HTTP/1.1" 200 8701
127.0.0.1 - - [15/May/2020:12:54:06 +0900] "GET / HTTP/1.1" 404 750
172.16.12.4 - - [15/May/2020:12:54:07 +0900] "GET /resort/cate/list_index_left.do HTTP/1.1" 200 4815
0:0:0:0:0:0:0:1 - - [15/May/2020:12:54:07 +0900] "GET /resort/categrp/list.do HTTP/1.1" 200 15710
0:0:0:0:0:0:0:1 - - [15/May/2020:12:54:07 +0900] "GET /resort/css/style.css HTTP/1.1" 304 -
0:0:0:0:0:0:0:1 - - [15/May/2020:12:54:07 +0900] "GET /resort/cate/images/categrp.png HTTP/1.1" 304 -
0:0:0:0:0:0:0:1 - - [15/May/2020:12:54:07 +0900] "GET /resort/cate/images/cate.png HTTP/1.1" 304 -
0:0:0:0:0:0:0:1 - - [15/May/2020:12:54:36 +0900] "GET /resort HTTP/1.1" 302 -
172.16.12.4 - - [15/May/2020:12:54:36 +0900] "GET /resort/cate/list_index_left.do HTTP/1.1" 200 4815
0:0:0:0:0:0:0:1 - - [15/May/2020:12:54:36 +0900] "GET /resort/ HTTP/1.1" 200 8075
172.16.12.4 - - [15/May/2020:12:54:37 +0900] "GET /resort/cate/list_index_left.do HTTP/1.1" 200 4815
0:0:0:0:0:0:0:1 - - [15/May/2020:12:54:37 +0900] "GET /resort/categrp/list.do HTTP/1.1" 200 15710
172.16.12.4 - - [15/May/2020:12:54:38 +0900] "GET /resort/cate/list_index_left.do HTTP/1.1" 200 4815
0:0:0:0:0:0:0:1 - - [15/May/2020:12:54:38 +0900] "GET /resort/contents/list.do?cateno=23 HTTP/1.1" 200 10635
172.16.12.4 - - [15/May/2020:12:54:40 +0900] "GET /resort/cate/list_index_left.do HTTP/1.1" 200 4815
0:0:0:0:0:0:0:1 - - [15/May/2020:12:54:40 +0900] "GET /resort/contents/list.do?cateno=15 HTTP/1.1" 200 9428
172.16.12.4 - - [15/May/2020:12:54:41 +0900] "GET /resort/cate/list_index_left.do HTTP/1.1" 200 4815
0:0:0:0:0:0:0:1 - - [15/May/2020:12:54:41 +0900] "GET /resort/contents/read.do?contentsno=25 HTTP/1.1" 200 9327
172.16.12.4 - - [15/May/2020:12:54:42 +0900] "GET /resort/cate/list_index_left.do HTTP/1.1" 200 4815
0:0:0:0:0:0:0:1 - - [15/May/2020:12:54:42 +0900] "GET /resort/attachfile/create.do?contentsno=25 HTTP/1.1" 200 8882
0:0:0:0:0:0:0:1 - - [15/May/2020:12:54:46 +0900] "POST /resort/attachfile/create.do HTTP/1.1" 302 -
172.16.12.4 - - [15/May/2020:12:54:47 +0900] "GET /resort/cate/list_index_left.do HTTP/1.1" 200 4815
0:0:0:0:0:0:0:1 - - [15/May/2020:12:54:47 +0900] "GET /resort/attachfile/create_msg.jsp?upload_count=1&contentsno=25 HTTP/1.1" 200 8696
172.16.12.4 - - [15/May/2020:12:57:03 +0900] "GET /resort/cate/list_index_left.do HTTP/1.1" 200 4815
0:0:0:0:0:0:0:1 - - [15/May/2020:12:57:03 +0900] "GET /resort/contents/list.do?cateno=15 HTTP/1.1" 200 9428
172.16.12.4 - - [15/May/2020:12:57:14 +0900] "GET /resort/cate/list_index_left.do HTTP/1.1" 200 4815
0:0:0:0:0:0:0:1 - - [15/May/2020:12:57:14 +0900] "GET /resort/contents/read.do?contentsno=25 HTTP/1.1" 200 9327
172.16.12.4 - - [15/May/2020:12:57:16 +0900] "GET /resort/cate/list_index_left.do HTTP/1.1" 200 4815
0:0:0:0:0:0:0:1 - - [15/May/2020:12:57:16 +0900] "GET /resort/attachfile/create.do?contentsno=25 HTTP/1.1" 200 8882
0:0:0:0:0:0:0:1 - - [15/May/2020:12:57:20 +0900] "POST /resort/attachfile/create.do HTTP/1.1" 302 -
172.16.12.4 - - [15/May/2020:12:57:20 +0900] "GET /resort/cate/list_index_left.do HTTP/1.1" 200 4815
0:0:0:0:0:0:0:1 - - [15/May/2020:12:57:20 +0900] "GET /resort/attachfile/create_msg.jsp?upload_count=1&contentsno=25 HTTP/1.1" 200 8697
0:0:0:0:0:0:0:1 - - [15/May/2020:12:59:37 +0900] "GET /resort/categrp/list.do HTTP/1.1" 200 15710
0:0:0:0:0:0:0:1 - - [15/May/2020:12:59:40 +0900] "GET /resort/contents/list.do?cateno=15 HTTP/1.1" 200 9428
0:0:0:0:0:0:0:1 - - [15/May/2020:12:59:42 +0900] "GET /resort/contents/read.do?contentsno=25 HTTP/1.1" 200 9327
0:0:0:0:0:0:0:1 - - [15/May/2020:12:59:44 +0900] "GET /resort/attachfile/create.do?contentsno=25 HTTP/1.1" 200 8882
0:0:0:0:0:0:0:1 - - [15/May/2020:12:59:48 +0900] "POST /resort/attachfile/create.do HTTP/1.1" 302 -
0:0:0:0:0:0:0:1 - - [15/May/2020:12:59:48 +0900] "GET /resort/attachfile/create_msg.jsp?upload_count=1&contentsno=25 HTTP/1.1" 200 8697
0:0:0:0:0:0:0:1 - - [15/May/2020:12:59:50 +0900] "GET /resort/attachfile/create_msg.jsp?upload_count=1&contentsno=25 HTTP/1.1" 200 8697
0:0:0:0:0:0:0:1 - - [15/May/2020:12:59:50 +0900] "GET /resort/attachfile/create_msg.jsp?upload_count=1&contentsno=25 HTTP/1.1" 200 8697
0:0:0:0:0:0:0:1 - - [15/May/2020:12:59:50 +0900] "GET /resort/attachfile/create_msg.jsp?upload_count=1&contentsno=25 HTTP/1.1" 200 8697
0:0:0:0:0:0:0:1 - - [15/May/2020:12:59:50 +0900] "GET /resort/attachfile/create_msg.jsp?upload_count=1&contentsno=25 HTTP/1.1" 200 8697
0:0:0:0:0:0:0:1 - - [15/May/2020:12:59:50 +0900] "GET /resort/attachfile/create_msg.jsp?upload_count=1&contentsno=25 HTTP/1.1" 200 8697
0:0:0:0:0:0:0:1 - - [15/May/2020:12:59:50 +0900] "GET /resort/attachfile/create_msg.jsp?upload_count=1&contentsno=25 HTTP/1.1" 200 8697
0:0:0:0:0:0:0:1 - - [15/May/2020:12:59:51 +0900] "GET /resort/attachfile/create_msg.jsp?upload_count=1&contentsno=25 HTTP/1.1" 200 8697
0:0:0:0:0:0:0:1 - - [15/May/2020:12:59:51 +0900] "GET /resort/attachfile/create_msg.jsp?upload_count=1&contentsno=25 HTTP/1.1" 200 8697
0:0:0:0:0:0:0:1 - - [15/May/2020:12:59:51 +0900] "GET /resort/attachfile/create_msg.jsp?upload_count=1&contentsno=25 HTTP/1.1" 200 8697
0:0:0:0:0:0:0:1 - - [15/May/2020:12:59:51 +0900] "GET /resort/attachfile/create_msg.jsp?upload_count=1&contentsno=25 HTTP/1.1" 200 8697
0:0:0:0:0:0:0:1 - - [15/May/2020:12:59:51 +0900] "GET /resort/attachfile/create_msg.jsp?upload_count=1&contentsno=25 HTTP/1.1" 200 8697
0:0:0:0:0:0:0:1 - - [15/May/2020:12:59:51 +0900] "GET /resort/attachfile/create_msg.jsp?upload_count=1&contentsno=25 HTTP/1.1" 200 8697
0:0:0:0:0:0:0:1 - - [15/May/2020:12:59:52 +0900] "GET /resort/contents/list.do?cateno= HTTP/1.1" 400 843
0:0:0:0:0:0:0:1 - - [15/May/2020:12:59:55 +0900] "GET /resort/contents/list.do?cateno=23 HTTP/1.1" 200 10635
0:0:0:0:0:0:0:1 - - [15/May/2020:12:59:57 +0900] "GET /resort/contents/list.do?cateno=15 HTTP/1.1" 200 9428
0:0:0:0:0:0:0:1 - - [15/May/2020:13:00:47 +0900] "GET /resort/contents/read.do?contentsno=25 HTTP/1.1" 200 9327
0:0:0:0:0:0:0:1 - - [15/May/2020:13:02:04 +0900] "GET /resort/attachfile/create.do?contentsno=25 HTTP/1.1" 200 8882
0:0:0:0:0:0:0:1 - - [15/May/2020:13:02:46 +0900] "GET /resort/contents/list.do?cateno=15 HTTP/1.1" 200 9428
0:0:0:0:0:0:0:1 - - [15/May/2020:13:02:48 +0900] "GET /resort/contents/read.do?contentsno=25 HTTP/1.1" 200 9335
0:0:0:0:0:0:0:1 - - [15/May/2020:13:02:49 +0900] "GET /resort/attachfile/create.do?cateno=&contentsno=25 HTTP/1.1" 200 8882
0:0:0:0:0:0:0:1 - - [15/May/2020:13:02:55 +0900] "GET /resort/contents/read.do?contentsno=25 HTTP/1.1" 200 9335
0:0:0:0:0:0:0:1 - - [15/May/2020:13:02:55 +0900] "GET /resort/css/style.css HTTP/1.1" 200 8193
0:0:0:0:0:0:0:1 - - [15/May/2020:13:02:56 +0900] "GET /resort/menu/images/myimage.png HTTP/1.1" 200 104458
0:0:0:0:0:0:0:1 - - [15/May/2020:13:02:56 +0900] "GET /resort/menu/images/myface.png HTTP/1.1" 200 3314
0:0:0:0:0:0:0:1 - - [15/May/2020:13:02:56 +0900] "GET /resort/cate/images/categrp.png HTTP/1.1" 200 657
0:0:0:0:0:0:0:1 - - [15/May/2020:13:02:56 +0900] "GET /resort/cate/images/cate.png HTTP/1.1" 200 504
0:0:0:0:0:0:0:1 - - [15/May/2020:13:02:56 +0900] "GET /resort/css/images/top_image.jpg HTTP/1.1" 200 111401
0:0:0:0:0:0:0:1 - - [15/May/2020:13:02:56 +0900] "GET /resort/css/images/gray.jpg HTTP/1.1" 200 635
0:0:0:0:0:0:0:1 - - [15/May/2020:13:02:56 +0900] "GET /favicon.ico HTTP/1.1" 404 761
0:0:0:0:0:0:0:1 - - [15/May/2020:13:02:58 +0900] "GET /resort/contents/list.do?cateno=15 HTTP/1.1" 200 9428
0:0:0:0:0:0:0:1 - - [15/May/2020:13:02:59 +0900] "GET /resort/contents/read.do?contentsno=25 HTTP/1.1" 200 9335
0:0:0:0:0:0:0:1 - - [15/May/2020:13:03:01 +0900] "GET /resort/attachfile/create.do?cateno=&contentsno=25 HTTP/1.1" 200 8882
0:0:0:0:0:0:0:1 - - [15/May/2020:13:05:21 +0900] "GET /resort/categrp/list.do HTTP/1.1" 200 15710
0:0:0:0:0:0:0:1 - - [15/May/2020:13:05:21 +0900] "GET /resort/categrp/images/open.png HTTP/1.1" 200 1074
127.0.0.1 - - [15/May/2020:13:05:51 +0900] "GET / HTTP/1.1" 404 750
0:0:0:0:0:0:0:1 - - [15/May/2020:13:05:59 +0900] "GET /resort/contents/list.do?cateno=15 HTTP/1.1" 200 9428
0:0:0:0:0:0:0:1 - - [15/May/2020:13:06:00 +0900] "GET /resort/contents/read.do?contentsno=25 HTTP/1.1" 200 9345
0:0:0:0:0:0:0:1 - - [15/May/2020:13:06:02 +0900] "GET /resort/attachfile/create.do?cateno=15&contentsno=25 HTTP/1.1" 200 8887
0:0:0:0:0:0:0:1 - - [15/May/2020:13:06:12 +0900] "POST /resort/attachfile/create.do HTTP/1.1" 302 -
0:0:0:0:0:0:0:1 - - [15/May/2020:13:06:12 +0900] "GET /resort/attachfile/create_msg.jsp?upload_count=1&contentsno=25 HTTP/1.1" 200 8697
0:0:0:0:0:0:0:1 - - [15/May/2020:13:06:12 +0900] "GET /resort/css/images/url5.png HTTP/1.1" 200 1074
0:0:0:0:0:0:0:1 - - [15/May/2020:13:06:14 +0900] "GET /resort/contents/list.do?cateno= HTTP/1.1" 400 843
0:0:0:0:0:0:0:1 - - [15/May/2020:13:06:50 +0900] "GET /resort/categrp/list.do HTTP/1.1" 200 15710
0:0:0:0:0:0:0:1 - - [15/May/2020:13:06:52 +0900] "GET /resort/contents/list.do?cateno=15 HTTP/1.1" 200 9428
0:0:0:0:0:0:0:1 - - [15/May/2020:13:06:53 +0900] "GET /resort/contents/read.do?contentsno=25 HTTP/1.1" 200 9345
0:0:0:0:0:0:0:1 - - [15/May/2020:13:06:54 +0900] "GET /resort/attachfile/create.do?cateno=15&contentsno=25 HTTP/1.1" 200 8887
0:0:0:0:0:0:0:1 - - [15/May/2020:13:06:57 +0900] "POST /resort/attachfile/create.do HTTP/1.1" 302 -
0:0:0:0:0:0:0:1 - - [15/May/2020:13:06:58 +0900] "GET /resort/attachfile/create_msg.jsp?upload_count=1&contentsno=25 HTTP/1.1" 200 8697
0:0:0:0:0:0:0:1 - - [15/May/2020:13:07:00 +0900] "GET /resort/contents/list.do?cateno= HTTP/1.1" 400 843
0:0:0:0:0:0:0:1 - - [15/May/2020:13:08:55 +0900] "GET /resort/categrp/list.do HTTP/1.1" 200 15710
0:0:0:0:0:0:0:1 - - [15/May/2020:13:09:06 +0900] "GET /resort/contents/list.do?cateno=15 HTTP/1.1" 200 9428
0:0:0:0:0:0:0:1 - - [15/May/2020:13:09:26 +0900] "GET /resort/contents/list.do?cateno=15 HTTP/1.1" 200 9428
0:0:0:0:0:0:0:1 - - [15/May/2020:13:09:27 +0900] "GET /resort/contents/create.do?categrpno=3&cateno=15 HTTP/1.1" 200 9966
0:0:0:0:0:0:0:1 - - [15/May/2020:13:09:29 +0900] "GET /resort/contents/list.do?cateno=15 HTTP/1.1" 200 9428
0:0:0:0:0:0:0:1 - - [15/May/2020:13:09:30 +0900] "GET /resort/contents/read.do?contentsno=25 HTTP/1.1" 200 9345
0:0:0:0:0:0:0:1 - - [15/May/2020:13:09:31 +0900] "GET /resort/attachfile/create.do?cateno=15&contentsno=25 HTTP/1.1" 200 8887
0:0:0:0:0:0:0:1 - - [15/May/2020:13:09:39 +0900] "POST /resort/attachfile/create.do HTTP/1.1" 302 -
0:0:0:0:0:0:0:1 - - [15/May/2020:13:09:39 +0900] "GET /resort/attachfile/create_msg.jsp?upload_count=1&cateno=15&contentsno=25 HTTP/1.1" 200 8699
0:0:0:0:0:0:0:1 - - [15/May/2020:13:09:40 +0900] "GET /resort/contents/list.do?cateno=15 HTTP/1.1" 200 9428
0:0:0:0:0:0:0:1 - - [15/May/2020:13:13:03 +0900] "GET /resort/contents/list.do?cateno=15 HTTP/1.1" 200 9428
0:0:0:0:0:0:0:1 - - [15/May/2020:13:13:08 +0900] "GET /resort/contents/create.do?categrpno=3&cateno=15 HTTP/1.1" 200 9843
0:0:0:0:0:0:0:1 - - [15/May/2020:13:13:37 +0900] "GET /resort/contents/list.do?cateno=15 HTTP/1.1" 200 9428
0:0:0:0:0:0:0:1 - - [15/May/2020:13:13:40 +0900] "GET /resort/contents/create.do?categrpno=3&cateno=15 HTTP/1.1" 200 9843
0:0:0:0:0:0:0:1 - - [15/May/2020:13:13:42 +0900] "GET /resort/contents/list.do?cateno=15 HTTP/1.1" 200 9428
127.0.0.1 - - [15/May/2020:13:14:03 +0900] "GET / HTTP/1.1" 404 750
0:0:0:0:0:0:0:1 - - [15/May/2020:13:14:08 +0900] "GET /resort/contents/list.do?cateno=6 HTTP/1.1" 200 9016
0:0:0:0:0:0:0:1 - - [15/May/2020:13:14:09 +0900] "GET /resort/contents/list.do?cateno=15 HTTP/1.1" 200 9428
0:0:0:0:0:0:0:1 - - [15/May/2020:13:14:11 +0900] "GET /resort/contents/read.do?contentsno=25 HTTP/1.1" 200 9347
0:0:0:0:0:0:0:1 - - [15/May/2020:13:14:13 +0900] "GET /resort/contents/create.do?categrpno=3&cateno=15 HTTP/1.1" 200 9843
0:0:0:0:0:0:0:1 - - [15/May/2020:13:17:09 +0900] "GET /resort/contents/list.do?cateno=15 HTTP/1.1" 200 9428
0:0:0:0:0:0:0:1 - - [15/May/2020:13:17:09 +0900] "GET /resort/cate/images/categrp.png HTTP/1.1" 304 -
0:0:0:0:0:0:0:1 - - [15/May/2020:13:17:09 +0900] "GET /resort/cate/images/cate.png HTTP/1.1" 304 -
0:0:0:0:0:0:0:1 - - [15/May/2020:13:20:27 +0900] "GET /resort/categrp/list.do HTTP/1.1" 200 15710
0:0:0:0:0:0:0:1 - - [15/May/2020:13:20:37 +0900] "GET /resort/contents/list.do?cateno=15 HTTP/1.1" 200 9428
0:0:0:0:0:0:0:1 - - [15/May/2020:13:20:37 +0900] "GET /resort/contents/list.do?cateno=15 HTTP/1.1" 200 9428
0:0:0:0:0:0:0:1 - - [15/May/2020:13:20:38 +0900] "GET /resort/contents/create.do?categrpno=3&cateno=15 HTTP/1.1" 200 9843
127.0.0.1 - - [15/May/2020:13:21:40 +0900] "GET / HTTP/1.1" 404 750
0:0:0:0:0:0:0:1 - - [15/May/2020:13:21:48 +0900] "GET /resort/contents/create.do?categrpno=3&cateno=15 HTTP/1.1" 200 9858
0:0:0:0:0:0:0:1 - - [15/May/2020:13:22:13 +0900] "GET /resort/contents/create.do?categrpno=3&cateno=15 HTTP/1.1" 200 9858
0:0:0:0:0:0:0:1 - - [15/May/2020:14:04:32 +0900] "GET /resort/contents/list.do?cateno=23 HTTP/1.1" 200 10635
0:0:0:0:0:0:0:1 - - [15/May/2020:14:04:32 +0900] "GET /resort/cate/images/categrp.png HTTP/1.1" 304 -
0:0:0:0:0:0:0:1 - - [15/May/2020:14:04:32 +0900] "GET /resort/cate/images/cate.png HTTP/1.1" 304 -
0:0:0:0:0:0:0:1 - - [15/May/2020:14:04:37 +0900] "GET /resort/contents/list.do?cateno=23 HTTP/1.1" 200 10635
0:0:0:0:0:0:0:1 - - [15/May/2020:14:04:38 +0900] "GET /resort/contents/read.do?contentsno=24 HTTP/1.1" 200 9312
0:0:0:0:0:0:0:1 - - [15/May/2020:14:04:40 +0900] "GET /resort/contents/list.do?cateno=23 HTTP/1.1" 200 10635
0:0:0:0:0:0:0:1 - - [15/May/2020:14:04:41 +0900] "GET /resort/contents/create.do?categrpno=8&cateno=23 HTTP/1.1" 200 9862
0:0:0:0:0:0:0:1 - - [15/May/2020:14:04:43 +0900] "GET /resort/contents/list.do?cateno=23 HTTP/1.1" 200 10635
0:0:0:0:0:0:0:1 - - [15/May/2020:14:05:44 +0900] "GET /resort/contents/list_all.do HTTP/1.1" 200 10926
